// Jest Snapshot v1, https://goo.gl/fbAQLP

exports[`MRC Export Should match snapshot 1`] = `
"

[COURSE HEADER]

VERSION = 2

UNITS = ENGLISH

DESCRIPTION = description

FILE NAME = name

MINUTES PERCENT

[END COURSE HEADER]


[COURSE DATA]

0.00	100
1.00	100
1.00	120
1.50	120
1.50	80
2.17	80

[END COURSE DATA]
"
`;
